// Jest Snapshot v1, https://goo.gl/fbAQLP

exports[`Space Component should match snapshot 1`] = `
<div>
  <div
    class="oakd space"
    data-testid="Space"
  >
    <div>
      Item 1
    </div>
    <div>
      Item 2
    </div>
  </div>
</div>
`;
