// Jest Snapshot v1, https://goo.gl/fbAQLP

exports[`Row Component should match snapshot 1`] = `
<div>
  <div
    class="oakd row"
    data-testid="Row"
  >
    <div>
      Item 1
    </div>
    <div>
      Item 2
    </div>
  </div>
</div>
`;
